// Jest Snapshot v1, https://goo.gl/fbAQLP

exports[`Hero Component 1`] = `
<section
  className="hero-container mb-[10rem] flex h-screen items-center bg-herobg bg-cover pl-[10rem]"
>
  <div
    className="wrapper flex h-[30vw] w-auto max-w-[1920px] flex-col justify-center p-[2rem]"
  >
    <div
      className="hero-title mb-[3rem] mt-[-10rem]"
    >
      <h1
        className="max-w-[35vw] text-[5rem] font-bold leading-[1] text-orange-700"
      >
        Fast delivery, delicious and cheaper
      </h1>
    </div>
    <div
      className="hero-search-section box-border"
    >
      <div
        className="search-container mb-[2rem] flex items-center"
      >
        <div
          className="search-box mr-3"
        >
          <input
            className="w-[800px] pt-6 pb-6 text-[24px]"
            onChange={[Function]}
            placeholder="Enter delivery address"
            type="text"
            value=""
          />
        </div>
        <div
          className="search-btn"
        >
          <button
            className="box-border bg-yellow-600 px-10 py-[23px] text-[24px] font-medium text-[white] hover:bg-yellow-700"
          >
            Find
          </button>
        </div>
      </div>
      <h6
        className="pl-[10px] text-[0.9vw] text-gray-800"
      >
        Find your favorite home made food and order in seconds
      </h6>
    </div>
  </div>
</section>
`;
