// Jest Snapshot v1, https://goo.gl/fbAQLP

exports[`Dashboard Component 1`] = `
<div
  className="dashboard flex h-screen w-auto font-opensans"
>
  <div
    className="sidebar w-[15%] border-r-[1px] pt-[1.5rem] pb-[1.5rem]"
  >
    <div
      className="dash-title mb-10 border-b-[1px]"
    >
      <div
        className="logo-wrapper mb-[7rem] pl-8"
      >
        <div
          className="logo text-2xl tablet:text-xl"
        >
          <a
            href="/#"
            onClick={[Function]}
            onMouseEnter={[Function]}
          >
            <span
              className="font-black"
            >
              COOK
            </span>
            IEZ
          </a>
        </div>
        <div
          className="sub-title"
        >
          <span
            className="text-base text-gray-500"
          >
            Dashboard
          </span>
        </div>
      </div>
      <div
        className="dash-user mb-4 flex items-center gap-4 pl-8"
      >
        <div
          className="user-img h-[75px] w-[75px] overflow-hidden rounded-full border-2"
        />
        <div
          className="user-id font-medium"
        >
          Jannifer Lawrence
        </div>
      </div>
    </div>
    <div
      className="dash-nav pl-8"
    >
      <ul
        className="flex flex-col gap-5"
      >
        <li>
          <a
            href="/#"
            onClick={[Function]}
            onMouseEnter={[Function]}
          >
            Listed foods
          </a>
        </li>
        <li>
          <a
            href="/#"
            onClick={[Function]}
            onMouseEnter={[Function]}
          >
            Orders
          </a>
        </li>
        <li>
          <a
            href="/#"
            onClick={[Function]}
            onMouseEnter={[Function]}
          >
            Payment settings
          </a>
        </li>
        <li>
          <a
            href="/#"
            onClick={[Function]}
            onMouseEnter={[Function]}
          >
            Customer reviews
          </a>
        </li>
        <li>
          <a
            href="/#"
            onClick={[Function]}
            onMouseEnter={[Function]}
          >
            Logout
          </a>
        </li>
      </ul>
    </div>
  </div>
  <div
    className="dash-content w-[85%]"
  />
</div>
`;
