// Jest Snapshot v1, https://goo.gl/fbAQLP

exports[`Dashboard Component 1`] = `
<div
  className="flex flex-row justify-center"
>
  <div
    className="flex flex-col items-center gap-6 px-8 py-8 "
  >
    <p
      className="text-center text-4xl font-bold"
    >
      title
    </p>
    <p
      className="text-center text-2xl font-normal"
    >
      text
    </p>
    <div
      className="w-2/3 "
    >
      <div
        className="flex flex-row justify-between space-x-3"
      >
        <div
          className="form-group w-full"
        >
          <input
            className=" w-full p-3 text-2xl font-normal focus-within:border-[#004945] focus:ring-[#004945]"
            onChange={[Function]}
            placeholder="placeholder"
            required={true}
            type="text"
            value=""
          />
        </div>
      </div>
    </div>
  </div>
</div>
`;
